Partial/Required:  3.24, Required:    400.0, Partial:  1295.78, Net: _27490_, Pin: _55695_/B, Layer: met1
Partial/Required:  2.86, Required:    400.0, Partial:  1143.01, Net: net22, Pin: output22/A, Layer: met1
Partial/Required:  2.77, Required:    400.0, Partial:  1106.22, Net: _27666_, Pin: _55871_/B, Layer: met1
Partial/Required:  2.41, Required:    400.0, Partial:   962.21, Net: _25867_, Pin: _48333_/A, Layer: met1
Partial/Required:  2.32, Required:    400.0, Partial:    927.0, Net: _27780_, Pin: _55988_/B, Layer: met1
Partial/Required:  1.82, Required:    400.0, Partial:   729.28, Net: _26626_, Pin: _54294_/A, Layer: met2
Partial/Required:  1.81, Required:    400.0, Partial:   723.67, Net: _27575_, Pin: _55791_/B, Layer: met1
Partial/Required:  1.63, Required:    400.0, Partial:   651.78, Net: _24353_, Pin: _45551_/A0, Layer: met1
Partial/Required:  1.58, Required:    400.0, Partial:   631.94, Net: _26803_, Pin: _55758_/A, Layer: met1
Partial/Required:  1.34, Required:    400.0, Partial:   535.17, Net: _26769_, Pin: _56115_/A, Layer: met1
Partial/Required:  1.31, Required:    400.0, Partial:   525.55, Net: _27399_, Pin: _55590_/D, Layer: met1
Partial/Required:  1.31, Required:    400.0, Partial:    524.0, Net: _28141_, Pin: _56348_/D, Layer: met1
Partial/Required:  1.27, Required:    400.0, Partial:   507.11, Net: _27989_, Pin: _56192_/D, Layer: met1
Partial/Required:  1.25, Required:    400.0, Partial:   499.11, Net: _19310_, Pin: _37603_/B, Layer: met1
Partial/Required:  1.23, Required:    400.0, Partial:   492.22, Net: _28075_, Pin: _56289_/B, Layer: met1
Partial/Required:  1.22, Required:    400.0, Partial:   489.44, Net: _28037_, Pin: _56250_/B, Layer: met1
Partial/Required:  1.19, Required:    400.0, Partial:   475.56, Net: _26797_, Pin: _55754_/A, Layer: met1
Partial/Required:  1.17, Required:    400.0, Partial:   467.19, Net: _25940_, Pin: _48991_/A, Layer: met1
Partial/Required:  1.15, Required:    400.0, Partial:   460.33, Net: _21381_, Pin: _43460_/A0, Layer: met1
Partial/Required:  1.15, Required:    400.0, Partial:   459.78, Net: EC0.RF.wdata\[17\], Pin: _41914_/A1, Layer: met1
Partial/Required:  1.12, Required:    400.0, Partial:   448.62, Net: _26734_, Pin: _56094_/A, Layer: met1
Partial/Required:  1.10, Required:    400.0, Partial:    438.5, Net: L1C1.addr\[5\], Pin: _45554_/A0, Layer: met2
Partial/Required:  1.09, Required:    400.0, Partial:   434.04, Net: _26740_, Pin: _56097_/A, Layer: met3
Partial/Required:  1.09, Required:    400.0, Partial:   434.04, Net: _26740_, Pin: _55718_/A, Layer: met3
Partial/Required:  1.09, Required:    400.0, Partial:   434.04, Net: _26740_, Pin: _55339_/A, Layer: met3
Partial/Required:  1.09, Required:    400.0, Partial:   434.04, Net: _26740_, Pin: _54918_/A, Layer: met3
Partial/Required:  1.08, Required:    400.0, Partial:   432.44, Net: _27922_, Pin: _56124_/D, Layer: met1
Partial/Required:  1.08, Required:    400.0, Partial:   431.56, Net: _27815_, Pin: _56017_/C, Layer: met1
Partial/Required:  1.08, Required:    400.0, Partial:   431.33, Net: _23486_, Pin: _40937_/B, Layer: met1
Partial/Required:  1.07, Required:    400.0, Partial:   426.39, Net: _19321_, Pin: _28502_/B_N, Layer: met2
Partial/Required:  1.06, Required:    400.0, Partial:   425.33, Net: _27095_, Pin: _55292_/C, Layer: met1
Partial/Required:  1.02, Required:    400.0, Partial:   407.44, Net: net22, Pin: _28993_/B, Layer: met1
