
===========================================================================
 report_power
============================================================================
======================= Fastest Corner ===================================

Group                  Internal  Switching    Leakage      Total
                          Power      Power      Power      Power (Watts)
----------------------------------------------------------------
Sequential             2.40e-02   8.35e-04   4.81e-05   2.49e-02  49.5%
Combinational          1.33e-02   1.20e-02   4.35e-07   2.53e-02  50.5%
Macro                  0.00e+00   0.00e+00   0.00e+00   0.00e+00   0.0%
Pad                    0.00e+00   0.00e+00   0.00e+00   0.00e+00   0.0%
----------------------------------------------------------------
Total                  3.73e-02   1.29e-02   4.86e-05   5.02e-02 100.0%
                          74.3%      25.6%       0.1%

======================= Slowest Corner ===================================

Group                  Internal  Switching    Leakage      Total
                          Power      Power      Power      Power (Watts)
----------------------------------------------------------------
Sequential             1.60e-02   5.42e-04   1.93e-04   1.68e-02  48.9%
Combinational          9.50e-03   7.85e-03   1.85e-04   1.75e-02  51.1%
Macro                  0.00e+00   0.00e+00   0.00e+00   0.00e+00   0.0%
Pad                    0.00e+00   0.00e+00   0.00e+00   0.00e+00   0.0%
----------------------------------------------------------------
Total                  2.55e-02   8.39e-03   3.77e-04   3.43e-02 100.0%
                          74.4%      24.5%       1.1%

======================= Typical Corner ===================================

Group                  Internal  Switching    Leakage      Total
                          Power      Power      Power      Power (Watts)
----------------------------------------------------------------
Sequential             2.08e-02   6.97e-04   4.81e-05   2.15e-02  49.7%
Combinational          1.17e-02   1.01e-02   1.91e-07   2.18e-02  50.3%
Macro                  0.00e+00   0.00e+00   0.00e+00   0.00e+00   0.0%
Pad                    0.00e+00   0.00e+00   0.00e+00   0.00e+00   0.0%
----------------------------------------------------------------
Total                  3.25e-02   1.08e-02   4.82e-05   4.33e-02 100.0%
                          75.0%      24.9%       0.1%

