
===========================================================================
report_checks -unconstrained
===========================================================================
======================= Fastest Corner ===================================

Startpoint: therm_ecore[0] (input port clocked by clk)
Endpoint: _56897_ (rising edge-triggered flip-flop clocked by clk)
Path Group: clk
Path Type: max
Corner: Fastest

Fanout     Cap    Slew   Delay    Time   Description
-----------------------------------------------------------------------------
                          0.00    0.00   clock clk (rise edge)
                          0.00    0.00   clock network delay (propagated)
                          8.00    8.00 v input external delay
                  0.02    0.01    8.01 v therm_ecore[0] (in)
     1    0.00                           therm_ecore[0] (net)
                  0.02    0.00    8.01 v input2/A (sky130_fd_sc_hd__dlymetal6s2s_1)
                  0.11    0.15    8.16 v input2/X (sky130_fd_sc_hd__dlymetal6s2s_1)
     1    0.03                           net2 (net)
                  0.11    0.00    8.16 v _41649_/A0 (sky130_fd_sc_hd__mux2_4)
                  0.10    0.25    8.41 v _41649_/X (sky130_fd_sc_hd__mux2_4)
     3    0.07                           _24193_ (net)
                  0.11    0.02    8.43 v _41651_/A (sky130_fd_sc_hd__or2_1)
                  0.05    0.18    8.61 v _41651_/X (sky130_fd_sc_hd__or2_1)
     3    0.01                           _24195_ (net)
                  0.05    0.00    8.61 v _41653_/A (sky130_fd_sc_hd__or2_1)
                  0.05    0.16    8.77 v _41653_/X (sky130_fd_sc_hd__or2_1)
     3    0.01                           _24197_ (net)
                  0.05    0.00    8.77 v _41655_/A (sky130_fd_sc_hd__and2_1)
                  0.05    0.12    8.89 v _41655_/X (sky130_fd_sc_hd__and2_1)
     5    0.01                           _24199_ (net)
                  0.05    0.00    8.90 v _41658_/A (sky130_fd_sc_hd__and3_1)
                  0.06    0.13    9.02 v _41658_/X (sky130_fd_sc_hd__and3_1)
     3    0.01                           _24202_ (net)
                  0.06    0.00    9.03 v _41663_/A1 (sky130_fd_sc_hd__a211oi_4)
                  0.24    0.24    9.26 ^ _41663_/Y (sky130_fd_sc_hd__a211oi_4)
     6    0.02                           _24206_ (net)
                  0.24    0.00    9.26 ^ _41675_/A2 (sky130_fd_sc_hd__a32o_1)
                  0.04    0.11    9.38 ^ _41675_/X (sky130_fd_sc_hd__a32o_1)
     1    0.00                           _10739_ (net)
                  0.04    0.00    9.38 ^ _56897_/D (sky130_fd_sc_hd__dfrtp_4)
                                  9.38   data arrival time

                         20.00   20.00   clock clk (rise edge)
                          0.00   20.00   clock source latency
                  0.00    0.00   20.00 ^ clk (in)
     2    0.11                           clk (net)
                  0.05    0.02   20.02 ^ clkbuf_0_clk/A (sky130_fd_sc_hd__clkbuf_16)
                  0.09    0.13   20.15 ^ clkbuf_0_clk/X (sky130_fd_sc_hd__clkbuf_16)
     4    0.10                           clknet_0_clk (net)
                  0.09    0.01   20.16 ^ clkbuf_2_1_0_clk/A (sky130_fd_sc_hd__clkbuf_8)
                  0.13    0.17   20.33 ^ clkbuf_2_1_0_clk/X (sky130_fd_sc_hd__clkbuf_8)
     4    0.10                           clknet_2_1_0_clk (net)
                  0.13    0.01   20.34 ^ clkbuf_4_6_0_clk/A (sky130_fd_sc_hd__clkbuf_8)
                  0.12    0.17   20.51 ^ clkbuf_4_6_0_clk/X (sky130_fd_sc_hd__clkbuf_8)
     4    0.08                           clknet_4_6_0_clk (net)
                  0.12    0.01   20.51 ^ clkbuf_6_26__f_clk/A (sky130_fd_sc_hd__clkbuf_16)
                  0.13    0.18   20.69 ^ clkbuf_6_26__f_clk/X (sky130_fd_sc_hd__clkbuf_16)
    13    0.16                           clknet_6_26__leaf_clk (net)
                  0.14    0.01   20.70 ^ clkbuf_leaf_559_clk/A (sky130_fd_sc_hd__clkbuf_16)
                  0.04    0.12   20.82 ^ clkbuf_leaf_559_clk/X (sky130_fd_sc_hd__clkbuf_16)
    11    0.04                           clknet_leaf_559_clk (net)
                  0.04    0.00   20.82 ^ _56897_/CLK (sky130_fd_sc_hd__dfrtp_4)
                         -0.50   20.32   clock uncertainty
                          0.00   20.32   clock reconvergence pessimism
                         -0.04   20.29   library setup time
                                 20.29   data required time
-----------------------------------------------------------------------------
                                 20.29   data required time
                                 -9.38   data arrival time
-----------------------------------------------------------------------------
                                 10.91   slack (MET)



======================= Slowest Corner ===================================

Startpoint: _57338_ (rising edge-triggered flip-flop clocked by clk)
Endpoint: _57364_ (rising edge-triggered flip-flop clocked by clk)
Path Group: clk
Path Type: max
Corner: Slowest

Fanout     Cap    Slew   Delay    Time   Description
-----------------------------------------------------------------------------
                          0.00    0.00   clock clk (rise edge)
                          0.00    0.00   clock source latency
                  0.00    0.00    0.00 ^ clk (in)
     2    0.11                           clk (net)
                  0.05    0.02    0.02 ^ clkbuf_0_clk/A (sky130_fd_sc_hd__clkbuf_16)
                  0.17    0.30    0.32 ^ clkbuf_0_clk/X (sky130_fd_sc_hd__clkbuf_16)
     4    0.10                           clknet_0_clk (net)
                  0.17    0.01    0.33 ^ clkbuf_2_1_0_clk/A (sky130_fd_sc_hd__clkbuf_8)
                  0.27    0.42    0.75 ^ clkbuf_2_1_0_clk/X (sky130_fd_sc_hd__clkbuf_8)
     4    0.10                           clknet_2_1_0_clk (net)
                  0.27    0.01    0.76 ^ clkbuf_4_7_0_clk/A (sky130_fd_sc_hd__clkbuf_8)
                  0.23    0.44    1.20 ^ clkbuf_4_7_0_clk/X (sky130_fd_sc_hd__clkbuf_8)
     4    0.08                           clknet_4_7_0_clk (net)
                  0.23    0.01    1.21 ^ clkbuf_6_31__f_clk/A (sky130_fd_sc_hd__clkbuf_16)
                  0.25    0.44    1.65 ^ clkbuf_6_31__f_clk/X (sky130_fd_sc_hd__clkbuf_16)
    11    0.15                           clknet_6_31__leaf_clk (net)
                  0.25    0.01    1.65 ^ clkbuf_leaf_570_clk/A (sky130_fd_sc_hd__clkbuf_16)
                  0.08    0.32    1.97 ^ clkbuf_leaf_570_clk/X (sky130_fd_sc_hd__clkbuf_16)
     8    0.03                           clknet_leaf_570_clk (net)
                  0.08    0.00    1.97 ^ _57338_/CLK (sky130_fd_sc_hd__dfrtp_1)
                  0.17    0.85    2.82 v _57338_/Q (sky130_fd_sc_hd__dfrtp_1)
     3    0.01                           EC0.IMEM.addr[4] (net)
                  0.17    0.00    2.82 v rebuffer11/A (sky130_fd_sc_hd__buf_6)
                  0.06    0.28    3.10 v rebuffer11/X (sky130_fd_sc_hd__buf_6)
     5    0.02                           net34 (net)
                  0.06    0.00    3.10 v _28245_/A1 (sky130_fd_sc_hd__o31a_1)
                  0.17    0.65    3.75 v _28245_/X (sky130_fd_sc_hd__o31a_1)
     3    0.01                           _19065_ (net)
                  0.17    0.00    3.75 v rebuffer31/A (sky130_fd_sc_hd__clkbuf_2)
                  0.14    0.31    4.06 v rebuffer31/X (sky130_fd_sc_hd__clkbuf_2)
     1    0.02                           net54 (net)
                  0.14    0.00    4.06 v _28264_/B (sky130_fd_sc_hd__nor2_8)
                  0.42    0.40    4.46 ^ _28264_/Y (sky130_fd_sc_hd__nor2_8)
     8    0.07                           _19084_ (net)
                  0.42    0.01    4.46 ^ _28265_/B1 (sky130_fd_sc_hd__o21a_1)
                  0.48    0.65    5.11 ^ _28265_/X (sky130_fd_sc_hd__o21a_1)
     3    0.03                           _19085_ (net)
                  0.48    0.01    5.12 ^ _28266_/A (sky130_fd_sc_hd__clkbuf_2)
                  0.25    0.49    5.60 ^ _28266_/X (sky130_fd_sc_hd__clkbuf_2)
     8    0.03                           _19086_ (net)
                  0.25    0.00    5.61 ^ _28452_/A (sky130_fd_sc_hd__clkbuf_4)
                  0.36    0.54    6.14 ^ _28452_/X (sky130_fd_sc_hd__clkbuf_4)
     8    0.07                           _19272_ (net)
                  0.36    0.02    6.16 ^ _37821_/A (sky130_fd_sc_hd__nand2_1)
                  0.30    0.38    6.54 v _37821_/Y (sky130_fd_sc_hd__nand2_1)
     4    0.02                           _20447_ (net)
                  0.30    0.00    6.54 v _37931_/A (sky130_fd_sc_hd__clkbuf_4)
                  0.20    0.48    7.03 v _37931_/X (sky130_fd_sc_hd__clkbuf_4)
     8    0.05                           _20557_ (net)
                  0.20    0.00    7.03 v _39098_/B (sky130_fd_sc_hd__or4_1)
                  0.24    1.31    8.35 v _39098_/X (sky130_fd_sc_hd__or4_1)
     3    0.01                           _21724_ (net)
                  0.24    0.00    8.35 v _39099_/B1_N (sky130_fd_sc_hd__a21bo_1)
                  0.12    0.46    8.81 ^ _39099_/X (sky130_fd_sc_hd__a21bo_1)
     2    0.01                           _21725_ (net)
                  0.12    0.00    8.81 ^ _39101_/C (sky130_fd_sc_hd__nand3_1)
                  0.37    0.38    9.19 v _39101_/Y (sky130_fd_sc_hd__nand3_1)
     3    0.01                           _21727_ (net)
                  0.37    0.00    9.19 v _39267_/A1 (sky130_fd_sc_hd__a21o_1)
                  0.15    0.50    9.68 v _39267_/X (sky130_fd_sc_hd__a21o_1)
     2    0.01                           _21893_ (net)
                  0.15    0.00    9.68 v _39280_/A2 (sky130_fd_sc_hd__a21o_1)
                  0.23    0.50   10.19 v _39280_/X (sky130_fd_sc_hd__a21o_1)
     3    0.02                           _21906_ (net)
                  0.23    0.00   10.19 v _39394_/C (sky130_fd_sc_hd__and3_2)
                  0.17    0.64   10.82 v _39394_/X (sky130_fd_sc_hd__and3_2)
     2    0.03                           _22020_ (net)
                  0.17    0.00   10.83 v _39396_/B1 (sky130_fd_sc_hd__a211o_4)
                  0.12    0.65   11.47 v _39396_/X (sky130_fd_sc_hd__a211o_4)
     4    0.02                           _22022_ (net)
                  0.12    0.00   11.47 v _39500_/A1 (sky130_fd_sc_hd__a21o_1)
                  0.15    0.40   11.87 v _39500_/X (sky130_fd_sc_hd__a21o_1)
     2    0.01                           _22126_ (net)
                  0.15    0.00   11.87 v _39503_/A2 (sky130_fd_sc_hd__a211o_1)
                  0.14    0.63   12.50 v _39503_/X (sky130_fd_sc_hd__a211o_1)
     3    0.01                           _22129_ (net)
                  0.14    0.00   12.50 v _39606_/C (sky130_fd_sc_hd__and3_1)
                  0.12    0.45   12.95 v _39606_/X (sky130_fd_sc_hd__and3_1)
     2    0.01                           _22232_ (net)
                  0.12    0.00   12.95 v _39612_/A1 (sky130_fd_sc_hd__o211a_1)
                  0.10    0.46   13.41 v _39612_/X (sky130_fd_sc_hd__o211a_1)
     2    0.01                           _22238_ (net)
                  0.10    0.00   13.41 v _39613_/C (sky130_fd_sc_hd__or3_1)
                  0.22    0.84   14.24 v _39613_/X (sky130_fd_sc_hd__or3_1)
     3    0.01                           _22239_ (net)
                  0.22    0.00   14.24 v _39695_/A (sky130_fd_sc_hd__and3_1)
                  0.19    0.48   14.73 v _39695_/X (sky130_fd_sc_hd__and3_1)
     5    0.02                           _22321_ (net)
                  0.19    0.00   14.73 v _39786_/A (sky130_fd_sc_hd__or2b_4)
                  0.10    0.55   15.28 v _39786_/X (sky130_fd_sc_hd__or2b_4)
     2    0.01                           _22412_ (net)
                  0.10    0.00   15.28 v _39858_/A (sky130_fd_sc_hd__or3b_4)
                  0.16    0.84   16.12 v _39858_/X (sky130_fd_sc_hd__or3b_4)
     2    0.02                           _22484_ (net)
                  0.16    0.00   16.12 v _39859_/B2 (sky130_fd_sc_hd__o2bb2a_1)
                  0.15    0.70   16.83 v _39859_/X (sky130_fd_sc_hd__o2bb2a_1)
     3    0.01                           _22485_ (net)
                  0.15    0.00   16.83 v _39860_/C (sky130_fd_sc_hd__or3_1)
                  0.15    0.76   17.59 v _39860_/X (sky130_fd_sc_hd__or3_1)
     1    0.00                           _22486_ (net)
                  0.15    0.00   17.59 v _39861_/C1 (sky130_fd_sc_hd__o211a_2)
                  0.28    0.43   18.02 v _39861_/X (sky130_fd_sc_hd__o211a_2)
     4    0.05                           _22487_ (net)
                  0.28    0.01   18.02 v _40419_/A1 (sky130_fd_sc_hd__a211o_4)
                  0.10    0.68   18.70 v _40419_/X (sky130_fd_sc_hd__a211o_4)
     3    0.01                           _23045_ (net)
                  0.10    0.00   18.71 v _40761_/A3 (sky130_fd_sc_hd__a31o_4)
                  0.12    0.51   19.21 v _40761_/X (sky130_fd_sc_hd__a31o_4)
     3    0.03                           _23387_ (net)
                  0.12    0.00   19.22 v _40812_/A2 (sky130_fd_sc_hd__a31o_4)
                  0.11    0.49   19.70 v _40812_/X (sky130_fd_sc_hd__a31o_4)
     2    0.02                           _23438_ (net)
                  0.11    0.00   19.71 v _40817_/A (sky130_fd_sc_hd__or2_4)
                  0.10    0.52   20.22 v _40817_/X (sky130_fd_sc_hd__or2_4)
     1    0.01                           _23443_ (net)
                  0.10    0.00   20.22 v _40951_/B (sky130_fd_sc_hd__nor3_4)
                  0.44    0.46   20.69 ^ _40951_/Y (sky130_fd_sc_hd__nor3_4)
     2    0.02                           _23577_ (net)
                  0.44    0.00   20.69 ^ _40952_/D_N (sky130_fd_sc_hd__or4b_4)
                  0.23    1.17   21.86 v _40952_/X (sky130_fd_sc_hd__or4b_4)
     2    0.03                           _23578_ (net)
                  0.23    0.00   21.86 v _40953_/C (sky130_fd_sc_hd__nor3_4)
                  0.56    0.52   22.38 ^ _40953_/Y (sky130_fd_sc_hd__nor3_4)
     7    0.03                           _23579_ (net)
                  0.56    0.00   22.39 ^ _40954_/A (sky130_fd_sc_hd__buf_2)
                  0.39    0.62   23.01 ^ _40954_/X (sky130_fd_sc_hd__buf_2)
     8    0.05                           _23580_ (net)
                  0.39    0.00   23.01 ^ _40979_/A2 (sky130_fd_sc_hd__o31a_1)
                  0.09    0.36   23.37 ^ _40979_/X (sky130_fd_sc_hd__o31a_1)
     1    0.00                           _23605_ (net)
                  0.09    0.00   23.37 ^ _40982_/A2_N (sky130_fd_sc_hd__a2bb2o_2)
                  0.08    0.52   23.90 v _40982_/X (sky130_fd_sc_hd__a2bb2o_2)
     1    0.00                           _10830_ (net)
                  0.08    0.00   23.90 v _57364_/D (sky130_fd_sc_hd__dfrtp_1)
                                 23.90   data arrival time

                         20.00   20.00   clock clk (rise edge)
                          0.00   20.00   clock source latency
                  0.00    0.00   20.00 ^ clk (in)
     2    0.11                           clk (net)
                  0.05    0.02   20.02 ^ clkbuf_0_clk/A (sky130_fd_sc_hd__clkbuf_16)
                  0.17    0.30   20.32 ^ clkbuf_0_clk/X (sky130_fd_sc_hd__clkbuf_16)
     4    0.10                           clknet_0_clk (net)
                  0.17    0.01   20.33 ^ clkbuf_2_1_0_clk/A (sky130_fd_sc_hd__clkbuf_8)
                  0.27    0.42   20.75 ^ clkbuf_2_1_0_clk/X (sky130_fd_sc_hd__clkbuf_8)
     4    0.10                           clknet_2_1_0_clk (net)
                  0.27    0.01   20.76 ^ clkbuf_4_7_0_clk/A (sky130_fd_sc_hd__clkbuf_8)
                  0.23    0.44   21.20 ^ clkbuf_4_7_0_clk/X (sky130_fd_sc_hd__clkbuf_8)
     4    0.08                           clknet_4_7_0_clk (net)
                  0.23    0.01   21.20 ^ clkbuf_6_30__f_clk/A (sky130_fd_sc_hd__clkbuf_16)
                  0.20    0.40   21.60 ^ clkbuf_6_30__f_clk/X (sky130_fd_sc_hd__clkbuf_16)
     9    0.11                           clknet_6_30__leaf_clk (net)
                  0.20    0.01   21.61 ^ clkbuf_leaf_575_clk/A (sky130_fd_sc_hd__clkbuf_16)
                  0.09    0.30   21.91 ^ clkbuf_leaf_575_clk/X (sky130_fd_sc_hd__clkbuf_16)
    10    0.03                           clknet_leaf_575_clk (net)
                  0.09    0.00   21.91 ^ _57364_/CLK (sky130_fd_sc_hd__dfrtp_1)
                         -0.50   21.41   clock uncertainty
                          0.00   21.41   clock reconvergence pessimism
                         -0.28   21.14   library setup time
                                 21.14   data required time
-----------------------------------------------------------------------------
                                 21.14   data required time
                                -23.90   data arrival time
-----------------------------------------------------------------------------
                                 -2.76   slack (VIOLATED)



======================= Typical Corner ===================================

Startpoint: _57338_ (rising edge-triggered flip-flop clocked by clk)
Endpoint: _57364_ (rising edge-triggered flip-flop clocked by clk)
Path Group: clk
Path Type: max
Corner: Typical

Fanout     Cap    Slew   Delay    Time   Description
-----------------------------------------------------------------------------
                          0.00    0.00   clock clk (rise edge)
                          0.00    0.00   clock source latency
                  0.00    0.00    0.00 ^ clk (in)
     2    0.11                           clk (net)
                  0.05    0.02    0.02 ^ clkbuf_0_clk/A (sky130_fd_sc_hd__clkbuf_16)
                  0.11    0.18    0.21 ^ clkbuf_0_clk/X (sky130_fd_sc_hd__clkbuf_16)
     4    0.10                           clknet_0_clk (net)
                  0.12    0.01    0.21 ^ clkbuf_2_1_0_clk/A (sky130_fd_sc_hd__clkbuf_8)
                  0.17    0.24    0.46 ^ clkbuf_2_1_0_clk/X (sky130_fd_sc_hd__clkbuf_8)
     4    0.10                           clknet_2_1_0_clk (net)
                  0.17    0.01    0.47 ^ clkbuf_4_7_0_clk/A (sky130_fd_sc_hd__clkbuf_8)
                  0.14    0.24    0.71 ^ clkbuf_4_7_0_clk/X (sky130_fd_sc_hd__clkbuf_8)
     4    0.08                           clknet_4_7_0_clk (net)
                  0.15    0.01    0.72 ^ clkbuf_6_31__f_clk/A (sky130_fd_sc_hd__clkbuf_16)
                  0.16    0.25    0.97 ^ clkbuf_6_31__f_clk/X (sky130_fd_sc_hd__clkbuf_16)
    11    0.15                           clknet_6_31__leaf_clk (net)
                  0.16    0.01    0.98 ^ clkbuf_leaf_570_clk/A (sky130_fd_sc_hd__clkbuf_16)
                  0.05    0.18    1.16 ^ clkbuf_leaf_570_clk/X (sky130_fd_sc_hd__clkbuf_16)
     8    0.03                           clknet_leaf_570_clk (net)
                  0.05    0.00    1.16 ^ _57338_/CLK (sky130_fd_sc_hd__dfrtp_1)
                  0.09    0.41    1.57 v _57338_/Q (sky130_fd_sc_hd__dfrtp_1)
     3    0.01                           EC0.IMEM.addr[4] (net)
                  0.09    0.00    1.57 v rebuffer11/A (sky130_fd_sc_hd__buf_6)
                  0.03    0.15    1.72 v rebuffer11/X (sky130_fd_sc_hd__buf_6)
     5    0.02                           net34 (net)
                  0.04    0.00    1.72 v _28245_/A1 (sky130_fd_sc_hd__o31a_1)
                  0.09    0.34    2.05 v _28245_/X (sky130_fd_sc_hd__o31a_1)
     3    0.01                           _19065_ (net)
                  0.09    0.00    2.05 v _37611_/B (sky130_fd_sc_hd__or2_4)
                  0.06    0.26    2.32 v _37611_/X (sky130_fd_sc_hd__or2_4)
     2    0.01                           _20237_ (net)
                  0.06    0.00    2.32 v _37613_/A (sky130_fd_sc_hd__nor4_4)
                  0.39    0.43    2.75 ^ _37613_/Y (sky130_fd_sc_hd__nor4_4)
     4    0.02                           _20239_ (net)
                  0.39    0.00    2.75 ^ _37633_/A2 (sky130_fd_sc_hd__a221o_1)
                  0.15    0.29    3.04 ^ _37633_/X (sky130_fd_sc_hd__a221o_1)
     3    0.01                           _20259_ (net)
                  0.15    0.00    3.05 ^ _37642_/A3 (sky130_fd_sc_hd__a31o_1)
                  0.29    0.33    3.38 ^ _37642_/X (sky130_fd_sc_hd__a31o_1)
     3    0.03                           _20268_ (net)
                  0.29    0.00    3.38 ^ _38923_/A (sky130_fd_sc_hd__buf_4)
                  0.10    0.22    3.61 ^ _38923_/X (sky130_fd_sc_hd__buf_4)
     8    0.03                           _21549_ (net)
                  0.10    0.00    3.61 ^ _40135_/B1 (sky130_fd_sc_hd__a22o_1)
                  0.10    0.18    3.79 ^ _40135_/X (sky130_fd_sc_hd__a22o_1)
     3    0.01                           _22761_ (net)
                  0.10    0.00    3.79 ^ _40181_/D_N (sky130_fd_sc_hd__or4b_1)
                  0.11    0.48    4.27 v _40181_/X (sky130_fd_sc_hd__or4b_1)
     2    0.01                           _22807_ (net)
                  0.11    0.00    4.27 v _40187_/A1 (sky130_fd_sc_hd__a21o_1)
                  0.06    0.20    4.47 v _40187_/X (sky130_fd_sc_hd__a21o_1)
     3    0.01                           _22813_ (net)
                  0.06    0.00    4.48 v _40189_/A2 (sky130_fd_sc_hd__a21bo_1)
                  0.06    0.22    4.69 v _40189_/X (sky130_fd_sc_hd__a21bo_1)
     2    0.01                           _22815_ (net)
                  0.06    0.00    4.70 v _40190_/C (sky130_fd_sc_hd__and3_4)
                  0.05    0.21    4.91 v _40190_/X (sky130_fd_sc_hd__and3_4)
     4    0.02                           _22816_ (net)
                  0.05    0.00    4.91 v _40200_/A (sky130_fd_sc_hd__or4_4)
                  0.11    0.58    5.48 v _40200_/X (sky130_fd_sc_hd__or4_4)
     2    0.02                           _22826_ (net)
                  0.11    0.00    5.49 v _40203_/A2 (sky130_fd_sc_hd__a211o_4)
                  0.07    0.38    5.87 v _40203_/X (sky130_fd_sc_hd__a211o_4)
     5    0.02                           _22829_ (net)
                  0.07    0.00    5.87 v _40210_/A (sky130_fd_sc_hd__and3_1)
                  0.05    0.17    6.03 v _40210_/X (sky130_fd_sc_hd__and3_1)
     1    0.01                           _22836_ (net)
                  0.05    0.00    6.04 v _40212_/A2 (sky130_fd_sc_hd__o211ai_2)
                  0.16    0.17    6.20 ^ _40212_/Y (sky130_fd_sc_hd__o211ai_2)
     2    0.01                           _22838_ (net)
                  0.16    0.00    6.20 ^ _40215_/C1 (sky130_fd_sc_hd__o211ai_2)
                  0.11    0.14    6.34 v _40215_/Y (sky130_fd_sc_hd__o211ai_2)
     3    0.01                           _22841_ (net)
                  0.11    0.00    6.34 v _40217_/A2 (sky130_fd_sc_hd__a211o_1)
                  0.08    0.35    6.69 v _40217_/X (sky130_fd_sc_hd__a211o_1)
     3    0.01                           _22843_ (net)
                  0.08    0.00    6.69 v _40266_/A (sky130_fd_sc_hd__and4_1)
                  0.08    0.20    6.89 v _40266_/X (sky130_fd_sc_hd__and4_1)
     3    0.01                           _22892_ (net)
                  0.08    0.00    6.89 v _40303_/A (sky130_fd_sc_hd__or3_1)
                  0.09    0.40    7.29 v _40303_/X (sky130_fd_sc_hd__or3_1)
     1    0.01                           _22929_ (net)
                  0.09    0.00    7.29 v _40304_/A (sky130_fd_sc_hd__buf_6)
                  0.05    0.16    7.45 v _40304_/X (sky130_fd_sc_hd__buf_6)
     5    0.04                           _22930_ (net)
                  0.05    0.00    7.45 v _40316_/A (sky130_fd_sc_hd__xnor2_2)
                  0.11    0.18    7.63 v _40316_/Y (sky130_fd_sc_hd__xnor2_2)
     3    0.02                           _22942_ (net)
                  0.11    0.00    7.63 v _40318_/A_N (sky130_fd_sc_hd__and2b_1)
                  0.08    0.24    7.87 ^ _40318_/X (sky130_fd_sc_hd__and2b_1)
     2    0.01                           _22944_ (net)
                  0.08    0.00    7.87 ^ _40407_/C_N (sky130_fd_sc_hd__or4bb_4)
                  0.11    0.57    8.43 v _40407_/X (sky130_fd_sc_hd__or4bb_4)
     4    0.02                           _23033_ (net)
                  0.11    0.00    8.43 v _40410_/A3 (sky130_fd_sc_hd__a311o_4)
                  0.10    0.49    8.92 v _40410_/X (sky130_fd_sc_hd__a311o_4)
     4    0.04                           _23036_ (net)
                  0.10    0.00    8.92 v _40415_/A2 (sky130_fd_sc_hd__a21o_4)
                  0.09    0.29    9.22 v _40415_/X (sky130_fd_sc_hd__a21o_4)
     4    0.05                           _23041_ (net)
                  0.09    0.00    9.22 v _40419_/A2 (sky130_fd_sc_hd__a211o_4)
                  0.06    0.37    9.59 v _40419_/X (sky130_fd_sc_hd__a211o_4)
     3    0.01                           _23045_ (net)
                  0.06    0.00    9.59 v _40761_/A3 (sky130_fd_sc_hd__a31o_4)
                  0.07    0.28    9.87 v _40761_/X (sky130_fd_sc_hd__a31o_4)
     3    0.03                           _23387_ (net)
                  0.07    0.00    9.87 v _40812_/A2 (sky130_fd_sc_hd__a31o_4)
                  0.06    0.26   10.14 v _40812_/X (sky130_fd_sc_hd__a31o_4)
     2    0.02                           _23438_ (net)
                  0.06    0.00   10.14 v _40817_/A (sky130_fd_sc_hd__or2_4)
                  0.06    0.27   10.41 v _40817_/X (sky130_fd_sc_hd__or2_4)
     1    0.01                           _23443_ (net)
                  0.06    0.00   10.41 v _40951_/B (sky130_fd_sc_hd__nor3_4)
                  0.27    0.27   10.68 ^ _40951_/Y (sky130_fd_sc_hd__nor3_4)
     2    0.02                           _23577_ (net)
                  0.27    0.00   10.68 ^ _40952_/D_N (sky130_fd_sc_hd__or4b_4)
                  0.12    0.56   11.24 v _40952_/X (sky130_fd_sc_hd__or4b_4)
     2    0.03                           _23578_ (net)
                  0.12    0.00   11.25 v _40953_/C (sky130_fd_sc_hd__nor3_4)
                  0.34    0.30   11.55 ^ _40953_/Y (sky130_fd_sc_hd__nor3_4)
     7    0.03                           _23579_ (net)
                  0.34    0.00   11.55 ^ _40954_/A (sky130_fd_sc_hd__buf_2)
                  0.24    0.33   11.88 ^ _40954_/X (sky130_fd_sc_hd__buf_2)
     8    0.05                           _23580_ (net)
                  0.24    0.00   11.88 ^ _40979_/A2 (sky130_fd_sc_hd__o31a_1)
                  0.05    0.17   12.05 ^ _40979_/X (sky130_fd_sc_hd__o31a_1)
     1    0.00                           _23605_ (net)
                  0.05    0.00   12.05 ^ _40982_/A2_N (sky130_fd_sc_hd__a2bb2o_2)
                  0.04    0.26   12.31 v _40982_/X (sky130_fd_sc_hd__a2bb2o_2)
     1    0.00                           _10830_ (net)
                  0.04    0.00   12.31 v _57364_/D (sky130_fd_sc_hd__dfrtp_1)
                                 12.31   data arrival time

                         20.00   20.00   clock clk (rise edge)
                          0.00   20.00   clock source latency
                  0.00    0.00   20.00 ^ clk (in)
     2    0.11                           clk (net)
                  0.05    0.02   20.02 ^ clkbuf_0_clk/A (sky130_fd_sc_hd__clkbuf_16)
                  0.11    0.18   20.21 ^ clkbuf_0_clk/X (sky130_fd_sc_hd__clkbuf_16)
     4    0.10                           clknet_0_clk (net)
                  0.12    0.01   20.21 ^ clkbuf_2_1_0_clk/A (sky130_fd_sc_hd__clkbuf_8)
                  0.17    0.24   20.46 ^ clkbuf_2_1_0_clk/X (sky130_fd_sc_hd__clkbuf_8)
     4    0.10                           clknet_2_1_0_clk (net)
                  0.17    0.01   20.47 ^ clkbuf_4_7_0_clk/A (sky130_fd_sc_hd__clkbuf_8)
                  0.14    0.24   20.71 ^ clkbuf_4_7_0_clk/X (sky130_fd_sc_hd__clkbuf_8)
     4    0.08                           clknet_4_7_0_clk (net)
                  0.15    0.01   20.71 ^ clkbuf_6_30__f_clk/A (sky130_fd_sc_hd__clkbuf_16)
                  0.13    0.23   20.94 ^ clkbuf_6_30__f_clk/X (sky130_fd_sc_hd__clkbuf_16)
     9    0.11                           clknet_6_30__leaf_clk (net)
                  0.13    0.01   20.95 ^ clkbuf_leaf_575_clk/A (sky130_fd_sc_hd__clkbuf_16)
                  0.06    0.17   21.12 ^ clkbuf_leaf_575_clk/X (sky130_fd_sc_hd__clkbuf_16)
    10    0.03                           clknet_leaf_575_clk (net)
                  0.06    0.00   21.12 ^ _57364_/CLK (sky130_fd_sc_hd__dfrtp_1)
                         -0.50   20.62   clock uncertainty
                          0.00   20.62   clock reconvergence pessimism
                         -0.11   20.51   library setup time
                                 20.51   data required time
-----------------------------------------------------------------------------
                                 20.51   data required time
                                -12.31   data arrival time
-----------------------------------------------------------------------------
                                  8.20   slack (MET)




===========================================================================
report_checks --slack_max -0.01
============================================================================
======================= Fastest Corner ===================================

No paths found.

======================= Slowest Corner ===================================

Startpoint: _57338_ (rising edge-triggered flip-flop clocked by clk)
Endpoint: _57364_ (rising edge-triggered flip-flop clocked by clk)
Path Group: clk
Path Type: max
Corner: Slowest

Fanout     Cap    Slew   Delay    Time   Description
-----------------------------------------------------------------------------
                          0.00    0.00   clock clk (rise edge)
                          0.00    0.00   clock source latency
                  0.00    0.00    0.00 ^ clk (in)
     2    0.11                           clk (net)
                  0.05    0.02    0.02 ^ clkbuf_0_clk/A (sky130_fd_sc_hd__clkbuf_16)
                  0.17    0.30    0.32 ^ clkbuf_0_clk/X (sky130_fd_sc_hd__clkbuf_16)
     4    0.10                           clknet_0_clk (net)
                  0.17    0.01    0.33 ^ clkbuf_2_1_0_clk/A (sky130_fd_sc_hd__clkbuf_8)
                  0.27    0.42    0.75 ^ clkbuf_2_1_0_clk/X (sky130_fd_sc_hd__clkbuf_8)
     4    0.10                           clknet_2_1_0_clk (net)
                  0.27    0.01    0.76 ^ clkbuf_4_7_0_clk/A (sky130_fd_sc_hd__clkbuf_8)
                  0.23    0.44    1.20 ^ clkbuf_4_7_0_clk/X (sky130_fd_sc_hd__clkbuf_8)
     4    0.08                           clknet_4_7_0_clk (net)
                  0.23    0.01    1.21 ^ clkbuf_6_31__f_clk/A (sky130_fd_sc_hd__clkbuf_16)
                  0.25    0.44    1.65 ^ clkbuf_6_31__f_clk/X (sky130_fd_sc_hd__clkbuf_16)
    11    0.15                           clknet_6_31__leaf_clk (net)
                  0.25    0.01    1.65 ^ clkbuf_leaf_570_clk/A (sky130_fd_sc_hd__clkbuf_16)
                  0.08    0.32    1.97 ^ clkbuf_leaf_570_clk/X (sky130_fd_sc_hd__clkbuf_16)
     8    0.03                           clknet_leaf_570_clk (net)
                  0.08    0.00    1.97 ^ _57338_/CLK (sky130_fd_sc_hd__dfrtp_1)
                  0.17    0.85    2.82 v _57338_/Q (sky130_fd_sc_hd__dfrtp_1)
     3    0.01                           EC0.IMEM.addr[4] (net)
                  0.17    0.00    2.82 v rebuffer11/A (sky130_fd_sc_hd__buf_6)
                  0.06    0.28    3.10 v rebuffer11/X (sky130_fd_sc_hd__buf_6)
     5    0.02                           net34 (net)
                  0.06    0.00    3.10 v _28245_/A1 (sky130_fd_sc_hd__o31a_1)
                  0.17    0.65    3.75 v _28245_/X (sky130_fd_sc_hd__o31a_1)
     3    0.01                           _19065_ (net)
                  0.17    0.00    3.75 v rebuffer31/A (sky130_fd_sc_hd__clkbuf_2)
                  0.14    0.31    4.06 v rebuffer31/X (sky130_fd_sc_hd__clkbuf_2)
     1    0.02                           net54 (net)
                  0.14    0.00    4.06 v _28264_/B (sky130_fd_sc_hd__nor2_8)
                  0.42    0.40    4.46 ^ _28264_/Y (sky130_fd_sc_hd__nor2_8)
     8    0.07                           _19084_ (net)
                  0.42    0.01    4.46 ^ _28265_/B1 (sky130_fd_sc_hd__o21a_1)
                  0.48    0.65    5.11 ^ _28265_/X (sky130_fd_sc_hd__o21a_1)
     3    0.03                           _19085_ (net)
                  0.48    0.01    5.12 ^ _28266_/A (sky130_fd_sc_hd__clkbuf_2)
                  0.25    0.49    5.60 ^ _28266_/X (sky130_fd_sc_hd__clkbuf_2)
     8    0.03                           _19086_ (net)
                  0.25    0.00    5.61 ^ _28452_/A (sky130_fd_sc_hd__clkbuf_4)
                  0.36    0.54    6.14 ^ _28452_/X (sky130_fd_sc_hd__clkbuf_4)
     8    0.07                           _19272_ (net)
                  0.36    0.02    6.16 ^ _37821_/A (sky130_fd_sc_hd__nand2_1)
                  0.30    0.38    6.54 v _37821_/Y (sky130_fd_sc_hd__nand2_1)
     4    0.02                           _20447_ (net)
                  0.30    0.00    6.54 v _37931_/A (sky130_fd_sc_hd__clkbuf_4)
                  0.20    0.48    7.03 v _37931_/X (sky130_fd_sc_hd__clkbuf_4)
     8    0.05                           _20557_ (net)
                  0.20    0.00    7.03 v _39098_/B (sky130_fd_sc_hd__or4_1)
                  0.24    1.31    8.35 v _39098_/X (sky130_fd_sc_hd__or4_1)
     3    0.01                           _21724_ (net)
                  0.24    0.00    8.35 v _39099_/B1_N (sky130_fd_sc_hd__a21bo_1)
                  0.12    0.46    8.81 ^ _39099_/X (sky130_fd_sc_hd__a21bo_1)
     2    0.01                           _21725_ (net)
                  0.12    0.00    8.81 ^ _39101_/C (sky130_fd_sc_hd__nand3_1)
                  0.37    0.38    9.19 v _39101_/Y (sky130_fd_sc_hd__nand3_1)
     3    0.01                           _21727_ (net)
                  0.37    0.00    9.19 v _39267_/A1 (sky130_fd_sc_hd__a21o_1)
                  0.15    0.50    9.68 v _39267_/X (sky130_fd_sc_hd__a21o_1)
     2    0.01                           _21893_ (net)
                  0.15    0.00    9.68 v _39280_/A2 (sky130_fd_sc_hd__a21o_1)
                  0.23    0.50   10.19 v _39280_/X (sky130_fd_sc_hd__a21o_1)
     3    0.02                           _21906_ (net)
                  0.23    0.00   10.19 v _39394_/C (sky130_fd_sc_hd__and3_2)
                  0.17    0.64   10.82 v _39394_/X (sky130_fd_sc_hd__and3_2)
     2    0.03                           _22020_ (net)
                  0.17    0.00   10.83 v _39396_/B1 (sky130_fd_sc_hd__a211o_4)
                  0.12    0.65   11.47 v _39396_/X (sky130_fd_sc_hd__a211o_4)
     4    0.02                           _22022_ (net)
                  0.12    0.00   11.47 v _39500_/A1 (sky130_fd_sc_hd__a21o_1)
                  0.15    0.40   11.87 v _39500_/X (sky130_fd_sc_hd__a21o_1)
     2    0.01                           _22126_ (net)
                  0.15    0.00   11.87 v _39503_/A2 (sky130_fd_sc_hd__a211o_1)
                  0.14    0.63   12.50 v _39503_/X (sky130_fd_sc_hd__a211o_1)
     3    0.01                           _22129_ (net)
                  0.14    0.00   12.50 v _39606_/C (sky130_fd_sc_hd__and3_1)
                  0.12    0.45   12.95 v _39606_/X (sky130_fd_sc_hd__and3_1)
     2    0.01                           _22232_ (net)
                  0.12    0.00   12.95 v _39612_/A1 (sky130_fd_sc_hd__o211a_1)
                  0.10    0.46   13.41 v _39612_/X (sky130_fd_sc_hd__o211a_1)
     2    0.01                           _22238_ (net)
                  0.10    0.00   13.41 v _39613_/C (sky130_fd_sc_hd__or3_1)
                  0.22    0.84   14.24 v _39613_/X (sky130_fd_sc_hd__or3_1)
     3    0.01                           _22239_ (net)
                  0.22    0.00   14.24 v _39695_/A (sky130_fd_sc_hd__and3_1)
                  0.19    0.48   14.73 v _39695_/X (sky130_fd_sc_hd__and3_1)
     5    0.02                           _22321_ (net)
                  0.19    0.00   14.73 v _39786_/A (sky130_fd_sc_hd__or2b_4)
                  0.10    0.55   15.28 v _39786_/X (sky130_fd_sc_hd__or2b_4)
     2    0.01                           _22412_ (net)
                  0.10    0.00   15.28 v _39858_/A (sky130_fd_sc_hd__or3b_4)
                  0.16    0.84   16.12 v _39858_/X (sky130_fd_sc_hd__or3b_4)
     2    0.02                           _22484_ (net)
                  0.16    0.00   16.12 v _39859_/B2 (sky130_fd_sc_hd__o2bb2a_1)
                  0.15    0.70   16.83 v _39859_/X (sky130_fd_sc_hd__o2bb2a_1)
     3    0.01                           _22485_ (net)
                  0.15    0.00   16.83 v _39860_/C (sky130_fd_sc_hd__or3_1)
                  0.15    0.76   17.59 v _39860_/X (sky130_fd_sc_hd__or3_1)
     1    0.00                           _22486_ (net)
                  0.15    0.00   17.59 v _39861_/C1 (sky130_fd_sc_hd__o211a_2)
                  0.28    0.43   18.02 v _39861_/X (sky130_fd_sc_hd__o211a_2)
     4    0.05                           _22487_ (net)
                  0.28    0.01   18.02 v _40419_/A1 (sky130_fd_sc_hd__a211o_4)
                  0.10    0.68   18.70 v _40419_/X (sky130_fd_sc_hd__a211o_4)
     3    0.01                           _23045_ (net)
                  0.10    0.00   18.71 v _40761_/A3 (sky130_fd_sc_hd__a31o_4)
                  0.12    0.51   19.21 v _40761_/X (sky130_fd_sc_hd__a31o_4)
     3    0.03                           _23387_ (net)
                  0.12    0.00   19.22 v _40812_/A2 (sky130_fd_sc_hd__a31o_4)
                  0.11    0.49   19.70 v _40812_/X (sky130_fd_sc_hd__a31o_4)
     2    0.02                           _23438_ (net)
                  0.11    0.00   19.71 v _40817_/A (sky130_fd_sc_hd__or2_4)
                  0.10    0.52   20.22 v _40817_/X (sky130_fd_sc_hd__or2_4)
     1    0.01                           _23443_ (net)
                  0.10    0.00   20.22 v _40951_/B (sky130_fd_sc_hd__nor3_4)
                  0.44    0.46   20.69 ^ _40951_/Y (sky130_fd_sc_hd__nor3_4)
     2    0.02                           _23577_ (net)
                  0.44    0.00   20.69 ^ _40952_/D_N (sky130_fd_sc_hd__or4b_4)
                  0.23    1.17   21.86 v _40952_/X (sky130_fd_sc_hd__or4b_4)
     2    0.03                           _23578_ (net)
                  0.23    0.00   21.86 v _40953_/C (sky130_fd_sc_hd__nor3_4)
                  0.56    0.52   22.38 ^ _40953_/Y (sky130_fd_sc_hd__nor3_4)
     7    0.03                           _23579_ (net)
                  0.56    0.00   22.39 ^ _40954_/A (sky130_fd_sc_hd__buf_2)
                  0.39    0.62   23.01 ^ _40954_/X (sky130_fd_sc_hd__buf_2)
     8    0.05                           _23580_ (net)
                  0.39    0.00   23.01 ^ _40979_/A2 (sky130_fd_sc_hd__o31a_1)
                  0.09    0.36   23.37 ^ _40979_/X (sky130_fd_sc_hd__o31a_1)
     1    0.00                           _23605_ (net)
                  0.09    0.00   23.37 ^ _40982_/A2_N (sky130_fd_sc_hd__a2bb2o_2)
                  0.08    0.52   23.90 v _40982_/X (sky130_fd_sc_hd__a2bb2o_2)
     1    0.00                           _10830_ (net)
                  0.08    0.00   23.90 v _57364_/D (sky130_fd_sc_hd__dfrtp_1)
                                 23.90   data arrival time

                         20.00   20.00   clock clk (rise edge)
                          0.00   20.00   clock source latency
                  0.00    0.00   20.00 ^ clk (in)
     2    0.11                           clk (net)
                  0.05    0.02   20.02 ^ clkbuf_0_clk/A (sky130_fd_sc_hd__clkbuf_16)
                  0.17    0.30   20.32 ^ clkbuf_0_clk/X (sky130_fd_sc_hd__clkbuf_16)
     4    0.10                           clknet_0_clk (net)
                  0.17    0.01   20.33 ^ clkbuf_2_1_0_clk/A (sky130_fd_sc_hd__clkbuf_8)
                  0.27    0.42   20.75 ^ clkbuf_2_1_0_clk/X (sky130_fd_sc_hd__clkbuf_8)
     4    0.10                           clknet_2_1_0_clk (net)
                  0.27    0.01   20.76 ^ clkbuf_4_7_0_clk/A (sky130_fd_sc_hd__clkbuf_8)
                  0.23    0.44   21.20 ^ clkbuf_4_7_0_clk/X (sky130_fd_sc_hd__clkbuf_8)
     4    0.08                           clknet_4_7_0_clk (net)
                  0.23    0.01   21.20 ^ clkbuf_6_30__f_clk/A (sky130_fd_sc_hd__clkbuf_16)
                  0.20    0.40   21.60 ^ clkbuf_6_30__f_clk/X (sky130_fd_sc_hd__clkbuf_16)
     9    0.11                           clknet_6_30__leaf_clk (net)
                  0.20    0.01   21.61 ^ clkbuf_leaf_575_clk/A (sky130_fd_sc_hd__clkbuf_16)
                  0.09    0.30   21.91 ^ clkbuf_leaf_575_clk/X (sky130_fd_sc_hd__clkbuf_16)
    10    0.03                           clknet_leaf_575_clk (net)
                  0.09    0.00   21.91 ^ _57364_/CLK (sky130_fd_sc_hd__dfrtp_1)
                         -0.50   21.41   clock uncertainty
                          0.00   21.41   clock reconvergence pessimism
                         -0.28   21.14   library setup time
                                 21.14   data required time
-----------------------------------------------------------------------------
                                 21.14   data required time
                                -23.90   data arrival time
-----------------------------------------------------------------------------
                                 -2.76   slack (VIOLATED)



======================= Typical Corner ===================================

No paths found.


===========================================================================
 report_check_types -max_slew -max_cap -max_fanout -violators
============================================================================
======================= Fastest Corner ===================================


======================= Slowest Corner ===================================


======================= Typical Corner ===================================



===========================================================================
report_parasitic_annotation -report_unannotated
============================================================================
Found 1 unannotated drivers.
 hetero_4core_top_23/LO
Found 0 partially unannotated drivers.

===========================================================================
max slew violation count 0
max fanout violation count 0
max cap violation count 0
============================================================================

===========================================================================
check_setup -verbose -unconstrained_endpoints -multiple_clock -no_clock -no_input_delay -loops -generated_clocks
===========================================================================
Warning: There is 1 unconstrained endpoint.
  pd_aes_en
