
===========================================================================
 report_power
============================================================================
======================= Fastest Corner ===================================

Group                  Internal  Switching    Leakage      Total
                          Power      Power      Power      Power (Watts)
----------------------------------------------------------------
Sequential             2.40e-02   9.19e-04   4.81e-05   2.49e-02  48.6%
Combinational          1.33e-02   1.30e-02   4.35e-07   2.63e-02  51.4%
Macro                  0.00e+00   0.00e+00   0.00e+00   0.00e+00   0.0%
Pad                    0.00e+00   0.00e+00   0.00e+00   0.00e+00   0.0%
----------------------------------------------------------------
Total                  3.73e-02   1.39e-02   4.86e-05   5.13e-02 100.0%
                          72.7%      27.2%       0.1%

======================= Slowest Corner ===================================

Group                  Internal  Switching    Leakage      Total
                          Power      Power      Power      Power (Watts)
----------------------------------------------------------------
Sequential             1.60e-02   5.98e-04   1.93e-04   1.68e-02  48.0%
Combinational          9.52e-03   8.52e-03   1.85e-04   1.82e-02  52.0%
Macro                  0.00e+00   0.00e+00   0.00e+00   0.00e+00   0.0%
Pad                    0.00e+00   0.00e+00   0.00e+00   0.00e+00   0.0%
----------------------------------------------------------------
Total                  2.55e-02   9.12e-03   3.77e-04   3.50e-02 100.0%
                          72.9%      26.0%       1.1%

======================= Typical Corner ===================================

Group                  Internal  Switching    Leakage      Total
                          Power      Power      Power      Power (Watts)
----------------------------------------------------------------
Sequential             2.08e-02   7.68e-04   4.81e-05   2.16e-02  48.8%
Combinational          1.17e-02   1.09e-02   1.91e-07   2.26e-02  51.2%
Macro                  0.00e+00   0.00e+00   0.00e+00   0.00e+00   0.0%
Pad                    0.00e+00   0.00e+00   0.00e+00   0.00e+00   0.0%
----------------------------------------------------------------
Total                  3.25e-02   1.17e-02   4.82e-05   4.42e-02 100.0%
                          73.4%      26.5%       0.1%

