
===========================================================================
 report_power
============================================================================
======================= Fastest Corner ===================================

Group                  Internal  Switching    Leakage      Total
                          Power      Power      Power      Power (Watts)
----------------------------------------------------------------
Sequential             2.40e-02   8.79e-04   4.81e-05   2.49e-02  49.1%
Combinational          1.33e-02   1.25e-02   4.35e-07   2.59e-02  50.9%
Macro                  0.00e+00   0.00e+00   0.00e+00   0.00e+00   0.0%
Pad                    0.00e+00   0.00e+00   0.00e+00   0.00e+00   0.0%
----------------------------------------------------------------
Total                  3.73e-02   1.34e-02   4.86e-05   5.08e-02 100.0%
                          73.5%      26.5%       0.1%

======================= Slowest Corner ===================================

Group                  Internal  Switching    Leakage      Total
                          Power      Power      Power      Power (Watts)
----------------------------------------------------------------
Sequential             1.60e-02   5.72e-04   1.93e-04   1.68e-02  48.4%
Combinational          9.51e-03   8.20e-03   1.85e-04   1.79e-02  51.6%
Macro                  0.00e+00   0.00e+00   0.00e+00   0.00e+00   0.0%
Pad                    0.00e+00   0.00e+00   0.00e+00   0.00e+00   0.0%
----------------------------------------------------------------
Total                  2.55e-02   8.77e-03   3.77e-04   3.47e-02 100.0%
                          73.6%      25.3%       1.1%

======================= Typical Corner ===================================

Group                  Internal  Switching    Leakage      Total
                          Power      Power      Power      Power (Watts)
----------------------------------------------------------------
Sequential             2.08e-02   7.34e-04   4.81e-05   2.16e-02  49.3%
Combinational          1.17e-02   1.05e-02   1.91e-07   2.22e-02  50.8%
Macro                  0.00e+00   0.00e+00   0.00e+00   0.00e+00   0.0%
Pad                    0.00e+00   0.00e+00   0.00e+00   0.00e+00   0.0%
----------------------------------------------------------------
Total                  3.25e-02   1.13e-02   4.82e-05   4.38e-02 100.0%
                          74.2%      25.7%       0.1%

